2025-12-08 00:04:04,323 - tg_bot.bot - INFO - All handlers registered
2025-12-08 00:04:04,324 - __main__ - INFO - Starting bot polling...
2025-12-08 00:04:05,143 - __main__ - INFO - Starting YouTube Shorts Bot...
2025-12-08 00:04:05,760 - __main__ - INFO - Bot commands set
2025-12-08 00:04:05,760 - __main__ - INFO - Initializing database...
2025-12-08 00:04:05,763 - __main__ - INFO - Shutting down...
2025-12-08 00:04:05,765 - __main__ - INFO - Shutdown complete!
2025-12-08 00:04:05,765 - __main__ - ERROR - Fatal error: threads can only be started once
Traceback (most recent call last):
  File "D:\Development\Projects\Telegram Bots\Youtube Shorts\main.py", line 120, in <module>
    main()
  File "D:\Development\Projects\Telegram Bots\Youtube Shorts\main.py", line 112, in main
    application.run_polling(
  File "C:\Users\izzat\AppData\Local\Programs\Python\Python311\Lib\site-packages\telegram\ext\_application.py", line 832, in run_polling
    return self.__run(
           ^^^^^^^^^^^
  File "C:\Users\izzat\AppData\Local\Programs\Python\Python311\Lib\site-packages\telegram\ext\_application.py", line 1044, in __run
    loop.run_until_complete(self.post_init(self))
  File "C:\Users\izzat\AppData\Local\Programs\Python\Python311\Lib\asyncio\base_events.py", line 654, in run_until_complete
    return future.result()
           ^^^^^^^^^^^^^^^
  File "D:\Development\Projects\Telegram Bots\Youtube Shorts\main.py", line 66, in post_init
    await init_db()
  File "D:\Development\Projects\Telegram Bots\Youtube Shorts\database.py", line 26, in init_db
    async with await get_db() as db:
  File "C:\Users\izzat\AppData\Local\Programs\Python\Python311\Lib\site-packages\aiosqlite\core.py", line 143, in __aenter__
    return await self
           ^^^^^^^^^^
  File "C:\Users\izzat\AppData\Local\Programs\Python\Python311\Lib\site-packages\aiosqlite\core.py", line 139, in __await__
    self.start()
  File "C:\Users\izzat\AppData\Local\Programs\Python\Python311\Lib\threading.py", line 959, in start
    raise RuntimeError("threads can only be started once")
RuntimeError: threads can only be started once
2025-12-08 00:05:24,049 - tg_bot.bot - INFO - All handlers registered
2025-12-08 00:05:24,050 - __main__ - INFO - Starting bot polling...
2025-12-08 00:05:24,838 - __main__ - INFO - Starting YouTube Shorts Bot...
2025-12-08 00:05:25,165 - __main__ - INFO - Bot commands set
2025-12-08 00:05:25,166 - __main__ - INFO - Initializing database...
2025-12-08 00:05:25,169 - __main__ - INFO - Shutting down...
2025-12-08 00:05:25,169 - __main__ - INFO - Shutdown complete!
2025-12-08 00:05:25,170 - __main__ - ERROR - Fatal error: threads can only be started once
Traceback (most recent call last):
  File "D:\Development\Projects\Telegram Bots\Youtube Shorts\main.py", line 120, in <module>
    main()
  File "D:\Development\Projects\Telegram Bots\Youtube Shorts\main.py", line 112, in main
    application.run_polling(
  File "C:\Users\izzat\AppData\Local\Programs\Python\Python311\Lib\site-packages\telegram\ext\_application.py", line 832, in run_polling
    return self.__run(
           ^^^^^^^^^^^
  File "C:\Users\izzat\AppData\Local\Programs\Python\Python311\Lib\site-packages\telegram\ext\_application.py", line 1044, in __run
    loop.run_until_complete(self.post_init(self))
  File "C:\Users\izzat\AppData\Local\Programs\Python\Python311\Lib\asyncio\base_events.py", line 654, in run_until_complete
    return future.result()
           ^^^^^^^^^^^^^^^
  File "D:\Development\Projects\Telegram Bots\Youtube Shorts\main.py", line 66, in post_init
    await init_db()
  File "D:\Development\Projects\Telegram Bots\Youtube Shorts\database.py", line 26, in init_db
    async with await get_db() as db:
  File "C:\Users\izzat\AppData\Local\Programs\Python\Python311\Lib\site-packages\aiosqlite\core.py", line 143, in __aenter__
    return await self
           ^^^^^^^^^^
  File "C:\Users\izzat\AppData\Local\Programs\Python\Python311\Lib\site-packages\aiosqlite\core.py", line 139, in __await__
    self.start()
  File "C:\Users\izzat\AppData\Local\Programs\Python\Python311\Lib\threading.py", line 959, in start
    raise RuntimeError("threads can only be started once")
RuntimeError: threads can only be started once
2025-12-08 00:06:20,604 - tg_bot.bot - INFO - All handlers registered
2025-12-08 00:06:20,604 - __main__ - INFO - Starting bot polling...
2025-12-08 00:06:21,345 - __main__ - INFO - Starting YouTube Shorts Bot...
2025-12-08 00:06:21,675 - __main__ - INFO - Bot commands set
2025-12-08 00:06:21,675 - __main__ - INFO - Initializing database...
2025-12-08 00:06:21,679 - __main__ - INFO - Shutting down...
2025-12-08 00:06:21,679 - __main__ - INFO - Shutdown complete!
2025-12-08 00:06:21,680 - __main__ - ERROR - Fatal error: threads can only be started once
Traceback (most recent call last):
  File "D:\Development\Projects\Telegram Bots\Youtube Shorts\main.py", line 120, in <module>
    main()
  File "D:\Development\Projects\Telegram Bots\Youtube Shorts\main.py", line 112, in main
    application.run_polling(
  File "C:\Users\izzat\AppData\Local\Programs\Python\Python311\Lib\site-packages\telegram\ext\_application.py", line 832, in run_polling
    return self.__run(
           ^^^^^^^^^^^
  File "C:\Users\izzat\AppData\Local\Programs\Python\Python311\Lib\site-packages\telegram\ext\_application.py", line 1044, in __run
    loop.run_until_complete(self.post_init(self))
  File "C:\Users\izzat\AppData\Local\Programs\Python\Python311\Lib\asyncio\base_events.py", line 654, in run_until_complete
    return future.result()
           ^^^^^^^^^^^^^^^
  File "D:\Development\Projects\Telegram Bots\Youtube Shorts\main.py", line 66, in post_init
    await init_db()
  File "D:\Development\Projects\Telegram Bots\Youtube Shorts\database.py", line 26, in init_db
    async with await get_db() as db:
  File "C:\Users\izzat\AppData\Local\Programs\Python\Python311\Lib\site-packages\aiosqlite\core.py", line 143, in __aenter__
    return await self
           ^^^^^^^^^^
  File "C:\Users\izzat\AppData\Local\Programs\Python\Python311\Lib\site-packages\aiosqlite\core.py", line 139, in __await__
    self.start()
  File "C:\Users\izzat\AppData\Local\Programs\Python\Python311\Lib\threading.py", line 959, in start
    raise RuntimeError("threads can only be started once")
RuntimeError: threads can only be started once
2025-12-08 00:08:02,739 - tg_bot.bot - INFO - All handlers registered
2025-12-08 00:08:02,739 - __main__ - INFO - Starting bot polling...
2025-12-08 00:08:03,534 - __main__ - INFO - Starting YouTube Shorts Bot...
2025-12-08 00:08:03,864 - __main__ - INFO - Bot commands set
2025-12-08 00:08:03,865 - __main__ - INFO - Initializing database...
2025-12-08 00:08:03,887 - __main__ - INFO - Shutting down...
2025-12-08 00:08:03,888 - __main__ - INFO - Shutdown complete!
2025-12-08 00:08:03,888 - __main__ - ERROR - Fatal error: near "?": syntax error
Traceback (most recent call last):
  File "D:\Development\Projects\Telegram Bots\Youtube Shorts\main.py", line 120, in <module>
    main()
  File "D:\Development\Projects\Telegram Bots\Youtube Shorts\main.py", line 112, in main
    application.run_polling(
  File "C:\Users\izzat\AppData\Local\Programs\Python\Python311\Lib\site-packages\telegram\ext\_application.py", line 832, in run_polling
    return self.__run(
           ^^^^^^^^^^^
  File "C:\Users\izzat\AppData\Local\Programs\Python\Python311\Lib\site-packages\telegram\ext\_application.py", line 1044, in __run
    loop.run_until_complete(self.post_init(self))
  File "C:\Users\izzat\AppData\Local\Programs\Python\Python311\Lib\asyncio\base_events.py", line 654, in run_until_complete
    return future.result()
           ^^^^^^^^^^^^^^^
  File "D:\Development\Projects\Telegram Bots\Youtube Shorts\main.py", line 66, in post_init
    await init_db()
  File "D:\Development\Projects\Telegram Bots\Youtube Shorts\database.py", line 33, in init_db
    await db.execute("""
  File "C:\Users\izzat\AppData\Local\Programs\Python\Python311\Lib\site-packages\aiosqlite\core.py", line 183, in execute
    cursor = await self._execute(self._conn.execute, sql, parameters)
             ^^^^^^^^^^^^^^^^^^^^^^^^^^^^^^^^^^^^^^^^^^^^^^^^^^^^^^^^
  File "C:\Users\izzat\AppData\Local\Programs\Python\Python311\Lib\site-packages\aiosqlite\core.py", line 122, in _execute
    return await future
           ^^^^^^^^^^^^
  File "C:\Users\izzat\AppData\Local\Programs\Python\Python311\Lib\site-packages\aiosqlite\core.py", line 105, in run
    result = function()
             ^^^^^^^^^^
sqlite3.OperationalError: near "?": syntax error
2025-12-08 00:08:47,788 - tg_bot.bot - INFO - All handlers registered
2025-12-08 00:08:47,788 - __main__ - INFO - Starting bot polling...
2025-12-08 00:08:48,513 - __main__ - INFO - Starting YouTube Shorts Bot...
2025-12-08 00:08:48,844 - __main__ - INFO - Bot commands set
2025-12-08 00:08:48,845 - __main__ - INFO - Initializing database...
2025-12-08 00:08:48,887 - __main__ - INFO - Cleaning up old downloads...
2025-12-08 00:08:48,888 - __main__ - INFO - Startup complete! Bot is ready.
2025-12-08 00:08:54,698 - tg_bot.bot - ERROR - Exception while handling update: cannot convert dictionary update sequence element #0 to a sequence
Traceback (most recent call last):
  File "C:\Users\izzat\AppData\Local\Programs\Python\Python311\Lib\site-packages\telegram\ext\_application.py", line 1298, in process_update
    await coroutine
  File "C:\Users\izzat\AppData\Local\Programs\Python\Python311\Lib\site-packages\telegram\ext\_handlers\basehandler.py", line 158, in handle_update
    return await self.callback(update, context)
           ^^^^^^^^^^^^^^^^^^^^^^^^^^^^^^^^^^^^
  File "D:\Development\Projects\Telegram Bots\Youtube Shorts\handlers\start.py", line 43, in start_command
    is_focus, focus_end = await is_in_focus_mode(user.id)
                          ^^^^^^^^^^^^^^^^^^^^^^^^^^^^^^^
  File "D:\Development\Projects\Telegram Bots\Youtube Shorts\database.py", line 265, in is_in_focus_mode
    settings = await get_user_settings(user_id)
               ^^^^^^^^^^^^^^^^^^^^^^^^^^^^^^^^
  File "D:\Development\Projects\Telegram Bots\Youtube Shorts\database.py", line 220, in get_user_settings
    return dict(row)
           ^^^^^^^^^
TypeError: cannot convert dictionary update sequence element #0 to a sequence
2025-12-08 00:09:08,296 - tg_bot.bot - ERROR - Exception while handling update: cannot convert dictionary update sequence element #0 to a sequence
Traceback (most recent call last):
  File "C:\Users\izzat\AppData\Local\Programs\Python\Python311\Lib\site-packages\telegram\ext\_application.py", line 1298, in process_update
    await coroutine
  File "C:\Users\izzat\AppData\Local\Programs\Python\Python311\Lib\site-packages\telegram\ext\_handlers\basehandler.py", line 158, in handle_update
    return await self.callback(update, context)
           ^^^^^^^^^^^^^^^^^^^^^^^^^^^^^^^^^^^^
  File "D:\Development\Projects\Telegram Bots\Youtube Shorts\handlers\start.py", line 36, in start_command
    await get_or_create_user(
  File "D:\Development\Projects\Telegram Bots\Youtube Shorts\database.py", line 175, in get_or_create_user
    return dict(user)
           ^^^^^^^^^^
TypeError: cannot convert dictionary update sequence element #0 to a sequence
2025-12-08 00:10:14,187 - tg_bot.bot - INFO - All handlers registered
2025-12-08 00:10:14,187 - __main__ - INFO - Starting bot polling...
2025-12-08 00:10:14,952 - __main__ - INFO - Starting YouTube Shorts Bot...
2025-12-08 00:10:15,284 - __main__ - INFO - Bot commands set
2025-12-08 00:10:15,285 - __main__ - INFO - Initializing database...
2025-12-08 00:10:15,293 - __main__ - INFO - Cleaning up old downloads...
2025-12-08 00:10:15,295 - __main__ - INFO - Startup complete! Bot is ready.
